[www.vitcmun.in/index.html]
[backblue.gif]
[fade.gif]
[index.html]
[www.w3schools.com/w3css/4/w3.css]
[cdnjs.cloudflare.com/ajax/libs/font-awesome/4.7.0/css/font-awesome.min.css]
[cdnjs.cloudflare.com/ajax/libs/meyer-reset/2.0/reset.min.css]
[maxcdn.bootstrapcdn.com/bootstrap/3.3.7/css/bootstrap.min.css]
[www.vitcmun.in/apple-icon-72x72.png]
[www.vitcmun.in/apple-icon-76x76.png]
[www.vitcmun.in/apple-icon-114x114.png]
[www.vitcmun.in/apple-icon-120x120.png]
[www.vitcmun.in/apple-icon-144x144.png]
[www.vitcmun.in/apple-icon-152x152.png]
[www.vitcmun.in/apple-icon-180x180.png]
[www.vitcmun.in/android-icon-192x192.png]
[www.vitcmun.in/favicon-16x16.png]
[maxcdn.bootstrapcdn.com/bootstrap/3.3.7/js/bootstrap.min.js]
[ajax.googleapis.com/ajax/libs/jquery/3.2.1/jquery.min.js]
[www.vitcmun.in/images/logovit.png]
[www.vitcmun.in/images/alj.jpg]
[www.vitcmun.in/ExecutiveBoard/index.html]
[www.vitcmun.in/images/tc.jpg]
[www.vitcmun.in/ExecutiveBoard/trilateral.html]
[www.vitcmun.in/images/aippmj.jpg]
[www.vitcmun.in/images/disecj.jpg]
[www.vitcmun.in/ExecutiveBoard/disec.html]
[www.vitcmun.in/images/hrc.jpg]
[www.vitcmun.in/ExecutiveBoard/hrc.html]
[www.vitcmun.in/images/sc1.jpg]
[www.vitcmun.in/js/index.js]
[www.vitcmun.in/images/Siddhant-secgen.jpg]
[www.vitcmun.in/images/Krishna-DG.jpg]
[www.vitcmun.in/images/Rohit-DSG.jpg]
[www.vitcmun.in/images/Sandip-CDA.jpg]
[www.vitcmun.in/images/Suporno-Finance.jpg]
[www.vitcmun.in/images/Aayush-tech.jpg]
[www.vitcmun.in/images/Sarthak-Logistics.jpg]
[www.vitcmun.in/images/Abhishek-logistics.jpg]
[www.vitcmun.in/images/Sunny-Design.jpg]
[www.vitcmun.in/images/Rahul-Marketing.jpg]
[www.vitcmun.in/images/Adity-Delegate Affairs.jpg]
[www.vitcmun.in/images/Siddharth-Delegate Affairs.jpg]
[www.vitcmun.in/images/vishal-PR.jpg]
[www.vitcmun.in/images/Ojus-PR.jpg]
[www.vitcmun.in/index.html]
[www.w3schools.com/w3css/4/w3.css]
[cdnjs.cloudflare.com/ajax/libs/font-awesome/4.7.0/css/font-awesome.min.css]
[cdnjs.cloudflare.com/ajax/libs/meyer-reset/2.0/reset.min.css]
[maxcdn.bootstrapcdn.com/bootstrap/3.3.7/css/bootstrap.min.css]
[www.vitcmun.in/apple-icon-60x60.png]
[www.vitcmun.in/favicon-32x32.html]
[www.vitcmun.in/favicon-96x96.html]
[www.vitcmun.in/manifest.html]
[www.vitcmun.in/ms-icon-144x144.html]
[www.w3schools.com/lib/w3-theme-black.css]
[cdnjs.cloudflare.com/ajax/libs/font-awesome/4.3.0/css/font-awesome.min.css]
[www.vitcmun.in/ExecutiveBoard/anjalidinesh.png]
[www.vitcmun.in/ExecutiveBoard/samarthkapur.png]
[www.vitcmun.in/ExecutiveBoard/karthikumar.png]
[www.vitcmun.in/ExecutiveBoard/index.html]
[www.vitcmun.in/ExecutiveBoard/tann.png]
[www.vitcmun.in/ExecutiveBoard/vaibhavkn.png]
[www.vitcmun.in/ExecutiveBoard/ansulllakhotia.png]
[www.vitcmun.in/ExecutiveBoard/trilateral.html]
[www.vitcmun.in/ExecutiveBoard/aippm.html]
[www.vitcmun.in/ExecutiveBoard/amulya.png]
[www.vitcmun.in/ExecutiveBoard/brahadeesh.png]
[www.vitcmun.in/ExecutiveBoard/yatharthkapoor.png]
[www.vitcmun.in/ExecutiveBoard/disec.html]
[www.vitcmun.in/ExecutiveBoard/akshayaravindan.png]
[www.vitcmun.in/ExecutiveBoard/vigneshkanna.png]
[www.vitcmun.in/ExecutiveBoard/pradeepvasu.png]
[www.vitcmun.in/ExecutiveBoard/hrc.html]
[www.vitcmun.in/ExecutiveBoard/sc.html]
[www.vitcmun.in/images/adeeb-DDG.jpeg]
[www.vitcmun.in/images/Nikhil-CDA1.jpg]
[www.vitcmun.in/images/Sangeet-Hospitality.jpg]
[www.vitcmun.in/apple-icon-57x57.png]
[www.w3schools.com/lib/w3-theme-black.css]
[cdnjs.cloudflare.com/ajax/libs/font-awesome/4.3.0/css/font-awesome.min.css]
[www.vitcmun.in/ExecutiveBoard/jishnu.png]
[www.vitcmun.in/ExecutiveBoard/aditya tripathi.png]
[www.vitcmun.in/ExecutiveBoard/rohith.png]
[www.vitcmun.in/ExecutiveBoard/aippm.html]
[www.vitcmun.in/ExecutiveBoard/saptarshimajumdar.png]
[www.vitcmun.in/ExecutiveBoard/ayushr.png]
[www.vitcmun.in/ExecutiveBoard/aravindnarayanan.png]
[www.vitcmun.in/ExecutiveBoard/sc.html]
[www.vitcmun.in/images/numan-PR.jpeg]
